docker pull mysql/mysql-server:latest

docker run -detach --name=mysql2 mysql -uroot -p
enter AUTO GENERATED password
mysql> ALTER USER 'root'@'localhost' IDENTIFIED BY 'database';

แล้วลบกล่องแล้วรันใหม่

docker run -detach --name=mysql2 --env="MYSQL_ROOT_PASSWORD=database" mysql

#this mount point works, container running
docker run \
-detach \
-it \
--name=mysql2 \
--env="MYSQL_ROOT_PASSWORD=database" \
-v /home/pimpwhippa/data-test:/var/lib/mysql \
mysql


#/media is owned by root, but the dir mysql-data is owned by pimpwhippa
docker run -detach -it --name=mysql2 --env="MYSQL_ROOT_PASSWORD=mypassword" -v /media/pimpwhippa/A8D85DB1D85D7E8E/storage/docker/mysql-data:/var/lib/mysql mysql

CREATE DATABASE Netflix;
USE Netflix;

table columns from netflix_shows.csv
show_id	type	title	director	cast	country	date_added	release_year	
rating	duration	listed_in	description


CREATE TABLE shows2 (
            show_id INT NOT NULL AUTO_INCREMENT,
            type VARCHAR(20) NOT NULL, 
            title VARCHAR(200) NOT NULL,
            director VARCHAR(100) NOT NULL, 
            cast TEXT NOT NULL, 
            country VARCHAR(30) NOT NULL,
            date_added DATE NOT NULL, 
            release_year SMALLINT NOT NULL, 
            rating VARCHAR(20) NOT NULL,
            duration VARCHAR(20) NOT NULL, 
            listed_in VARCHAR(100) NOT NULL, 
            description TEXT NOT NULL,
            PRIMARY KEY (show_id)
);

CREATE TABLE shows3 (
            show_id INT NOT NULL AUTO_INCREMENT,
            type VARCHAR(20) NOT NULL, 
            title VARCHAR(200) NOT NULL,
            director VARCHAR(100) NOT NULL, 
            cast TEXT NOT NULL, 
            country VARCHAR(30) NOT NULL,
            date_added DATE NOT NULL, 
            release_year SMALLINT NOT NULL, 
            rating VARCHAR(20) NOT NULL,
            duration VARCHAR(20) NOT NULL, 
            listed_in VARCHAR(100) NOT NULL, 
            description TEXT NOT NULL,
            PRIMARY KEY (show_id)
);

SHOW VARIABLES LIKE "secure_file_priv";

mysql> SELECT @@GLOBAL.secure_file_priv;

LOAD DATA INFILE '/Works/recommender/netflix_titles.csv'
INTO TABLE shows
FIELDS TERMINATED BY ','
ENCLOSED BY '"'
LINES TERMINATED BY '/n'
IGNORE 1 ROWS;

LOAD DATA LOCAL INFILE '/var/lib/mysql-files/netflix_titles.csv'
INTO TABLE shows2 
FIELDS TERMINATED BY ',' 
ENCLOSED BY '"' 
LINES TERMINATED BY '/n' 
IGNORE 1 ROWS;

#this works because lines terminated by ,
LOAD DATA LOCAL INFILE '/var/lib/mysql-files/netflix_titles.csv'
INTO TABLE shows3
FIELDS TERMINATED BY ',' 
ENCLOSED BY '"' 
LINES TERMINATED BY ',' 
IGNORE 1 ROWS;


สร้าง database ให้เลยเวลา docker run mysql?
ทุกสิ่งอยู่ใน cnf file? ว่าให้แก้แบบทั้งฝั่ง server-client permission
ไว้ใน dockerfile ได้เลยไหม?
แล้วจะให้เอา .csv ไว้ที่ไหน?


docker run --name=mysql2 -d mysql/mysql-server:latest

docker run \
-detach \
-it \
--name=mysql2 \
--env="MYSQL_ROOT_PASSWORD=database" \
-v /home/pimpwhippa/data-test:/var/lib/mysql \
mysql

docker exec -it mysql2 mysql -uroot -p
enter password: database

mysql> SET GLOBAL local_infile=1;

docker exec -it mysql2 mysql --local-infile=1 -uroot -p

#ก็อปไฟล์จากโฮสท์มาใส่ด็อกเก้อ
docker cp /home/pimpwhippa/Works/recommender/netflix_titles.csv mysql2:/var/lib/mysql-files/netflix_titles.csv

LOAD DATA LOCAL INFILE '/var/lib/mysql-files/netflix_titles.csv'
INTO TABLE shows 

Query OK, 6237 rows affected, 65535 warnings (0.25 sec)
Records: 6237  Deleted: 0  Skipped: 0  Warnings: 74844

mysqldump -h localhost -u [MySQL user, e.g. root] -p[database password] 
-c --add-drop-table --add-locks --all --quick 
--lock-tables [name of the database] > sqldump.sql

shell> mysqldump --databases Netflix > dumpnetflix.sql

docker exec -i mysql_container mysqldump -uroot -proot --databases database_name 
--skip-comments > /path/to/my/dump.sql

docker exec -i mysql2 mysqldump -uroot -pdatabase --databases Netflix > dump_netflix.sql
--skip-comments > /dump_netflix.sql

SELECT * FROM shows3\G #show table in terminal vertically each row

SELECT * FROM shows3 WHERE director = 'Brad Anderson';

docker exec -it mysql2 mysql -uroot -p


docker run --name mysqlready -v mysql-dump:/var/lib/mysql -e MYSQL_ROOT_PASSWORD=database -d mysql/mysql-server:latest
#cat dump_netflix.sql | docker exec -it mysqlready /usr/bin/mysql -u root -p

pimpwhippa@pimpwhippa-Aspire-E5-473G:~/Works/recommender/flask$ 
cat ../../../mysql-dump/dump_netflix.sql | docker exec -i mysqlready /usr/bin/mysql -uroot --password=database

successfully loaded restore the database
but my database dump was only up to show2! :P :D

สรุปคือบรรทัดนี้ใน docker-compose.yml
    volumes:
      - ../../../mysql-dump:/docker-entrypoint-initdb.d/dump_netflix3.sql


pimpwhippa@pimpwhippa-Aspire-E5-473G:~/Works/recommender/flask$ 
docker-compose run flask_app python app.py
เลยรู้เลยว่า app.py ที่ได้รับการรันนั้นมันเก่ามาก

ไม่ได้อัพเดท volume ที่ mnt ไว้เลย จากไฟล์นี้ที่ไปอยู่ในคอนเทนเนอร์
ไฟล์ app.py อันนั้นเก่ามาก และไม่ใช่ location อันปัจจุบันที่เราอีดิท
แต่ไม่ได้อัพเดท volume ที่เอาไปผูกไว้อัตโนมัติ
ต้องbind หรือ mnt แบบใหม่ อะไรนะ
:/code to make sure docker gets the change
จำไม่ได้ด้วยซ้ำว่าใช้ไฟล์นี้ตอนไหนวะ เอามา build ก่อนจะ docker-compose up ด้วยเหรอ

pimpwhippa@pimpwhippa-Aspire-E5-473G:~/Works/recommender/flask$ 
docker-compose --rmi python-flask
#remove original image or docker-compose down -->remove network default

pimpwhippa@pimpwhippa-Aspire-E5-473G:~/Works/recommender/flask$ 
docker-compose up --build
#force rebuild of image to update mount volume

pimpwhippa@pimpwhippa-Aspire-E5-473G:~/Works/recommender/flask$ 
docker container exec -it flask_mysql_1 mysqladmin ping -P 3306 -uroot -p
Enter password: 
mysqld is alive
#check that mysql service is ready for connection

pimpwhippa@pimpwhippa-Aspire-E5-473G:~/Works/recommender/flask$ 
docker container exec -it flask_mysql_1 mysqladmin ping -P 3306 -uroot -pdatabase| grep "mysqld is alive"
mysqld is alive


Run mysqladmin variables | grep socket 
to get where the socket is located, and try setting up a connection like so:
pymysql.connect(db='base', user='root', passwd='pwd', unix_socket="/tmp/mysql.sock")
#still trying to see why ConnectionRefusedError

pimpwhippa@pimpwhippa-Aspire-E5-473G:~/Works/recommender/flask$ 
docker container exec -it flask_mysql_1 mysqladmin variables -P 3306 -uroot -pdatabase| grep socket


Run mysqladmin variables | grep port
 and verify that the port is 3306. 
 If not, you can set the port manually like so:

flask_app_1  | pymysql.err.OperationalError: (2003, "Can't connect to MySQL server on 'localhost' ([Errno 99] Cannot assign requested address)")
flask_app_1  | pymysql.err.OperationalError: (2003, "Can't connect to MySQL server on '127.0.0.1' ([Errno 111] Connection refused)")

docker container exec -it flask_mysql_1 mysqladmin variables -P 3306 -uroot -pdatabase| grep socket
 mysqlx_socket                                            | /var/run/mysqld/mysqlx.sock                                                                                                                                                                                                                                                                                                                                                                                                                                                                                           |
| performance_schema_max_socket_classes                    | 10                                                                                                                                                                                                                                                                                                                                                                                                                                                                                                                    |
| performance_schema_max_socket_instances                  | -1                                                                                                                                                                                                                                                                                                                                                                                                                                                                                                                    |
| socket                                                   | /var/lib/mysql/mysql.sock                                                                                                                                                                  

$ docker image prune -a

mysql -u root -p -h 127.0.0.1


pimpwhippa@pimpwhippa-Aspire-E5-473G:~/Works/recommender/flask$ 
docker inspect flask_mysql_1 | grep Gateway

docker network ls
docker network inspect bridge

docker container exec -it flask_mysql_1 mysqladmin variables -P 3306 -uroot -pdatabase| grep port

pimpwhippa@pimpwhippa-Aspire-E5-473G:~/Works/recommender/flask$ 
docker network inspect 57c8cebfb855 #<-- network ls output
"Name": "flask_mysql_1",
"IPv4Address": "192.168.16.2/20",

ตอนนี้คือ แก้โค้ด สั่ง docker-compose up
เสร็จแล้วถ้าจะแก้ก็ docker-compose down
เมื่อกี๊ต้อง --build ด้วย เพราะว่าจะสั่งให้ mnt volume อันใหม่ที่อัพเดท
แต่ตอนนี้ไม่ต้องแล้ว เพราะว่า app.py อัพเดทแล้ว
ตอนนี้ก็แค่ docker-compose up มันก็เปลี่ยนทุกครั้งคือ create container ใหม่นะ


mysql> CREATE USER 'monty'@'localhost' IDENTIFIED BY 'some_pass';
mysql> GRANT ALL PRIVILEGES ON *.* TO 'monty'@'localhost'
    ->     WITH GRANT OPTION;


mysql> CREATE USER 'pimp'@'flask_mysql_1' IDENTIFIED BY 'password';
mysql> GRANT ALL PRIVILEGES ON *.* TO 'pimp'@'flask_mysql_1'
    ->     WITH GRANT OPTION;


CREATE USER 'pimp'@'%' IDENTIFIED BY 'password';
GRANT ALL PRIVILEGES ON *.* TO 'pimp'@'%' WITH GRANT OPTION;
FLUSH PRIVILEGES;

CREATE USER 'root'@'%' IDENTIFIED BY 'database';
GRANT ALL PRIVILEGES ON *.* TO 'root'@'%' WITH GRANT OPTION;
FLUSH PRIVILEGES;


https://github.com/keras-team/keras-io/blob/master/examples/structured_data/collaborative_filtering_movielens.py

pimpwhippa@pimpwhippa-Aspire-E5-473G:~/Works/recommender/flask$ 
docker cp ../model_keras.py flask_flask_app_1:code/

root@48ad086244a7:/code# 
pip install pandas
pip install tensorflow #only compatible upto python 3.8

add all these for pip install in requirements.txt and rebuild using
docker-compose up --build

